2026-06-29 10:29:53,196 - INFO - Gui afficher
2026-06-29 10:31:13,557 - INFO - Donnée enregistrée
2026-06-29 11:09:31,092 - INFO - Gui afficher
2026-06-29 11:10:09,617 - INFO - Donnée enregistrée
2026-06-30 12:33:44,451 - INFO - Gui afficher
2026-06-30 12:46:01,665 - ERROR - Failed to configure throttling for api.api.home (no granularity matched for seconde)
2026-06-30 12:48:14,554 - ERROR - Failed to configure throttling for api.api.home (no granularity matched for seconde)
2026-06-30 12:49:23,821 - ERROR - Failed to configure throttling for api.api.home (no granularity matched for seconde)
2026-06-30 12:49:31,067 - INFO - Gui afficher
2026-06-30 12:49:34,494 - INFO - Gui afficher
2026-06-30 12:49:34,684 - INFO - Gui afficher
2026-06-30 12:49:34,862 - INFO - Gui afficher
2026-06-30 12:49:35,048 - INFO - Gui afficher
2026-06-30 12:49:35,228 - INFO - Gui afficher
2026-06-30 12:49:35,394 - INFO - Gui afficher
2026-06-30 12:49:35,586 - INFO - Gui afficher
2026-06-30 12:49:35,745 - INFO - Gui afficher
2026-06-30 12:49:35,927 - INFO - Gui afficher
2026-06-30 12:49:36,066 - INFO - Gui afficher
2026-06-30 12:49:36,882 - INFO - Gui afficher
2026-06-30 12:49:37,133 - INFO - Gui afficher
2026-06-30 12:50:36,934 - INFO - Gui afficher
2026-06-30 12:50:39,072 - INFO - Gui afficher
2026-06-30 12:50:39,255 - INFO - Gui afficher
2026-06-30 12:50:39,438 - INFO - Gui afficher
2026-06-30 12:50:39,638 - WARNING - ratelimit 3 per 1 second (127.0.0.1) exceeded at endpoint: /
2026-06-30 12:50:39,831 - WARNING - ratelimit 3 per 1 second (127.0.0.1) exceeded at endpoint: /
2026-06-30 12:50:45,272 - INFO - Gui afficher
2026-06-30 12:50:46,086 - INFO - Gui afficher
2026-06-30 12:50:46,266 - INFO - Gui afficher
2026-06-30 12:50:46,450 - INFO - Gui afficher
2026-06-30 12:50:46,592 - INFO - Gui afficher
2026-06-30 12:50:46,772 - INFO - Gui afficher
2026-06-30 12:50:47,105 - WARNING - ratelimit 3 per 1 second (127.0.0.1) exceeded at endpoint: /
2026-06-30 12:50:47,256 - WARNING - ratelimit 3 per 1 second (127.0.0.1) exceeded at endpoint: /
2026-06-30 12:55:06,806 - INFO - Donnée enregistrée
2026-06-30 12:55:15,276 - INFO - Donnée enregistrée
2026-06-30 12:55:18,112 - INFO - Donnée enregistrée
2026-06-30 12:55:44,870 - INFO - Donnée enregistrée
2026-06-30 12:55:46,927 - INFO - Donnée enregistrée
2026-06-30 12:56:01,307 - WARNING - ratelimit 3 per 1 second (127.0.0.1) exceeded at endpoint: /ping
2026-06-30 12:56:01,474 - WARNING - ratelimit 3 per 1 second (127.0.0.1) exceeded at endpoint: /ping
2026-06-30 12:56:03,782 - WARNING - ratelimit 3 per 1 second (127.0.0.1) exceeded at endpoint: /ping
2026-06-30 12:56:08,791 - WARNING - ratelimit 3 per 1 second (127.0.0.1) exceeded at endpoint: /ping
2026-06-30 12:56:09,082 - WARNING - ratelimit 3 per 1 second (127.0.0.1) exceeded at endpoint: /ping
2026-06-30 13:00:06,495 - INFO - Gui afficher
2026-06-30 13:00:08,582 - INFO - Gui afficher
2026-06-30 13:00:08,738 - INFO - Gui afficher
2026-06-30 13:00:08,896 - INFO - Gui afficher
2026-06-30 13:00:09,128 - WARNING - ratelimit 3 per 1 second (127.0.0.1) exceeded at endpoint: /
2026-06-30 13:00:09,362 - WARNING - ratelimit 3 per 1 second (127.0.0.1) exceeded at endpoint: /
2026-06-30 13:00:09,560 - WARNING - ratelimit 3 per 1 second (127.0.0.1) exceeded at endpoint: /
2026-06-30 13:08:56,992 - INFO - Gui afficher
2026-07-03 09:24:01,618 - INFO - Gui afficher
2026-07-03 09:24:57,134 - INFO - Donnée enregistrée
2026-07-05 18:58:01,927 - INFO - Gui afficher
2026-07-05 19:58:09,751 - INFO - Gui afficher
2026-07-05 19:58:22,096 - INFO - Gui afficher
2026-07-06 00:21:15,005 - INFO - Gui afficher
2026-07-06 00:33:16,141 - INFO - Gui afficher
2026-07-06 21:45:27,442 - INFO - API allumer
2026-07-06 21:57:03,582 - INFO - API allumer
2026-07-06 22:15:23,048 - INFO - API allumer
2026-07-09 15:13:34,425 - INFO - API allumer
2026-07-09 22:47:17,461 - INFO - API allumer
2026-07-09 22:47:39,812 - INFO - API allumer
2026-07-09 22:52:07,557 - WARNING - Donnée corrompue détectée en BDD : 'data'
2026-07-09 22:52:07,557 - WARNING - Donnée corrompue détectée en BDD : 'data'
2026-07-09 22:52:07,557 - WARNING - Donnée corrompue détectée en BDD : 'data'
2026-07-09 22:52:07,557 - WARNING - Donnée corrompue détectée en BDD : 'data'
2026-07-09 22:52:07,557 - WARNING - Donnée corrompue détectée en BDD : 'data'
2026-07-09 22:52:07,557 - WARNING - Donnée corrompue détectée en BDD : 'data'
2026-07-09 22:52:07,557 - WARNING - Donnée corrompue détectée en BDD : 'data'
2026-07-09 22:52:07,557 - WARNING - Donnée corrompue détectée en BDD : 'data'
2026-07-09 22:52:07,557 - WARNING - Donnée corrompue détectée en BDD : 'data'
2026-07-09 22:52:07,557 - WARNING - Donnée corrompue détectée en BDD : 'data'
2026-07-09 22:52:07,558 - WARNING - Donnée corrompue détectée en BDD : 'data'
2026-07-09 22:52:07,558 - WARNING - Donnée corrompue détectée en BDD : 'data'
2026-07-09 22:52:07,558 - WARNING - Donnée corrompue détectée en BDD : 'data'
2026-07-09 22:52:07,558 - WARNING - Donnée corrompue détectée en BDD : 'data'
2026-07-09 22:52:07,558 - WARNING - Donnée corrompue détectée en BDD : 'data'
2026-07-09 22:52:07,558 - WARNING - Donnée corrompue détectée en BDD : 'data'
2026-07-09 22:52:07,558 - WARNING - Donnée corrompue détectée en BDD : 'data'
2026-07-09 22:52:07,558 - WARNING - Donnée corrompue détectée en BDD : 'data'
2026-07-09 22:52:07,558 - WARNING - Donnée corrompue détectée en BDD : 'data'
2026-07-09 22:52:07,558 - WARNING - Donnée corrompue détectée en BDD : 'data'
2026-07-09 22:52:07,558 - WARNING - Donnée corrompue détectée en BDD : 'data'
2026-07-09 22:52:07,558 - WARNING - Donnée corrompue détectée en BDD : 'data'
2026-07-09 22:53:56,591 - WARNING - Donnée corrompue détectée en BDD : 'data'
2026-07-09 22:53:56,591 - WARNING - Donnée corrompue détectée en BDD : 'data'
2026-07-09 22:53:56,591 - WARNING - Donnée corrompue détectée en BDD : 'data'
2026-07-09 22:53:56,592 - WARNING - Donnée corrompue détectée en BDD : 'data'
2026-07-09 22:53:56,592 - WARNING - Donnée corrompue détectée en BDD : 'data'
2026-07-09 22:53:56,592 - WARNING - Donnée corrompue détectée en BDD : 'data'
2026-07-09 22:53:56,592 - WARNING - Donnée corrompue détectée en BDD : 'data'
2026-07-09 22:53:56,592 - WARNING - Donnée corrompue détectée en BDD : 'data'
2026-07-09 22:53:56,592 - WARNING - Donnée corrompue détectée en BDD : 'data'
2026-07-09 22:53:56,592 - WARNING - Donnée corrompue détectée en BDD : 'data'
2026-07-09 22:53:56,592 - WARNING - Donnée corrompue détectée en BDD : 'data'
2026-07-09 22:53:56,592 - WARNING - Donnée corrompue détectée en BDD : 'data'
2026-07-09 22:53:56,593 - WARNING - Donnée corrompue détectée en BDD : 'data'
2026-07-09 22:53:56,593 - WARNING - Donnée corrompue détectée en BDD : 'data'
2026-07-09 22:53:56,593 - WARNING - Donnée corrompue détectée en BDD : 'data'
2026-07-09 22:53:56,593 - WARNING - Donnée corrompue détectée en BDD : 'data'
2026-07-09 22:53:56,593 - WARNING - Donnée corrompue détectée en BDD : 'data'
2026-07-09 22:53:56,593 - WARNING - Donnée corrompue détectée en BDD : 'data'
2026-07-09 22:53:56,593 - WARNING - Donnée corrompue détectée en BDD : 'data'
2026-07-09 22:53:56,593 - WARNING - Donnée corrompue détectée en BDD : 'data'
2026-07-09 22:53:56,593 - WARNING - Donnée corrompue détectée en BDD : 'data'
2026-07-09 22:53:56,593 - WARNING - Donnée corrompue détectée en BDD : 'data'
2026-07-09 22:54:06,144 - WARNING - Donnée corrompue détectée en BDD : 'data'
2026-07-09 22:54:06,144 - WARNING - Donnée corrompue détectée en BDD : 'data'
2026-07-09 22:54:06,144 - WARNING - Donnée corrompue détectée en BDD : 'data'
2026-07-09 22:54:06,144 - WARNING - Donnée corrompue détectée en BDD : 'data'
2026-07-09 22:54:06,145 - WARNING - Donnée corrompue détectée en BDD : 'data'
2026-07-09 22:54:06,145 - WARNING - Donnée corrompue détectée en BDD : 'data'
2026-07-09 22:54:06,145 - WARNING - Donnée corrompue détectée en BDD : 'data'
2026-07-09 22:54:06,145 - WARNING - Donnée corrompue détectée en BDD : 'data'
2026-07-09 22:54:06,145 - WARNING - Donnée corrompue détectée en BDD : 'data'
2026-07-09 22:54:06,145 - WARNING - Donnée corrompue détectée en BDD : 'data'
2026-07-09 22:54:06,145 - WARNING - Donnée corrompue détectée en BDD : 'data'
2026-07-09 22:54:06,145 - WARNING - Donnée corrompue détectée en BDD : 'data'
2026-07-09 22:54:06,146 - WARNING - Donnée corrompue détectée en BDD : 'data'
2026-07-09 22:54:06,146 - WARNING - Donnée corrompue détectée en BDD : 'data'
2026-07-09 22:54:06,146 - WARNING - Donnée corrompue détectée en BDD : 'data'
2026-07-09 22:54:06,146 - WARNING - Donnée corrompue détectée en BDD : 'data'
2026-07-09 22:54:06,146 - WARNING - Donnée corrompue détectée en BDD : 'data'
2026-07-09 22:54:06,146 - WARNING - Donnée corrompue détectée en BDD : 'data'
2026-07-09 22:54:06,146 - WARNING - Donnée corrompue détectée en BDD : 'data'
2026-07-09 22:54:06,146 - WARNING - Donnée corrompue détectée en BDD : 'data'
2026-07-09 22:54:06,146 - WARNING - Donnée corrompue détectée en BDD : 'data'
2026-07-09 22:54:06,148 - WARNING - Donnée corrompue détectée en BDD : 'data'
2026-07-09 22:54:06,974 - WARNING - Donnée corrompue détectée en BDD : 'data'
2026-07-09 22:54:06,974 - WARNING - Donnée corrompue détectée en BDD : 'data'
2026-07-09 22:54:06,974 - WARNING - Donnée corrompue détectée en BDD : 'data'
2026-07-09 22:54:06,974 - WARNING - Donnée corrompue détectée en BDD : 'data'
2026-07-09 22:54:06,974 - WARNING - Donnée corrompue détectée en BDD : 'data'
2026-07-09 22:54:06,975 - WARNING - Donnée corrompue détectée en BDD : 'data'
2026-07-09 22:54:06,975 - WARNING - Donnée corrompue détectée en BDD : 'data'
2026-07-09 22:54:06,975 - WARNING - Donnée corrompue détectée en BDD : 'data'
2026-07-09 22:54:06,975 - WARNING - Donnée corrompue détectée en BDD : 'data'
2026-07-09 22:54:06,975 - WARNING - Donnée corrompue détectée en BDD : 'data'
2026-07-09 22:54:06,975 - WARNING - Donnée corrompue détectée en BDD : 'data'
2026-07-09 22:54:06,975 - WARNING - Donnée corrompue détectée en BDD : 'data'
2026-07-09 22:54:06,975 - WARNING - Donnée corrompue détectée en BDD : 'data'
2026-07-09 22:54:06,975 - WARNING - Donnée corrompue détectée en BDD : 'data'
2026-07-09 22:54:06,975 - WARNING - Donnée corrompue détectée en BDD : 'data'
2026-07-09 22:54:06,976 - WARNING - Donnée corrompue détectée en BDD : 'data'
2026-07-09 22:54:06,976 - WARNING - Donnée corrompue détectée en BDD : 'data'
2026-07-09 22:54:06,976 - WARNING - Donnée corrompue détectée en BDD : 'data'
2026-07-09 22:54:06,976 - WARNING - Donnée corrompue détectée en BDD : 'data'
2026-07-09 22:54:06,976 - WARNING - Donnée corrompue détectée en BDD : 'data'
2026-07-09 22:54:06,976 - WARNING - Donnée corrompue détectée en BDD : 'data'
2026-07-09 22:54:06,977 - WARNING - Donnée corrompue détectée en BDD : 'data'
2026-07-09 22:54:13,478 - WARNING - Donnée corrompue détectée en BDD : 'data'
2026-07-09 22:54:13,478 - WARNING - Donnée corrompue détectée en BDD : 'data'
2026-07-09 22:54:13,479 - WARNING - Donnée corrompue détectée en BDD : 'data'
2026-07-09 22:54:13,479 - WARNING - Donnée corrompue détectée en BDD : 'data'
2026-07-09 22:54:13,479 - WARNING - Donnée corrompue détectée en BDD : 'data'
2026-07-09 22:54:13,479 - WARNING - Donnée corrompue détectée en BDD : 'data'
2026-07-09 22:54:13,479 - WARNING - Donnée corrompue détectée en BDD : 'data'
2026-07-09 22:54:13,479 - WARNING - Donnée corrompue détectée en BDD : 'data'
2026-07-09 22:54:13,479 - WARNING - Donnée corrompue détectée en BDD : 'data'
2026-07-09 22:54:13,479 - WARNING - Donnée corrompue détectée en BDD : 'data'
2026-07-09 22:54:13,479 - WARNING - Donnée corrompue détectée en BDD : 'data'
2026-07-09 22:54:13,479 - WARNING - Donnée corrompue détectée en BDD : 'data'
2026-07-09 22:54:13,479 - WARNING - Donnée corrompue détectée en BDD : 'data'
2026-07-09 22:54:13,479 - WARNING - Donnée corrompue détectée en BDD : 'data'
2026-07-09 22:54:13,479 - WARNING - Donnée corrompue détectée en BDD : 'data'
2026-07-09 22:54:13,480 - WARNING - Donnée corrompue détectée en BDD : 'data'
2026-07-09 22:54:13,480 - WARNING - Donnée corrompue détectée en BDD : 'data'
2026-07-09 22:54:13,480 - WARNING - Donnée corrompue détectée en BDD : 'data'
2026-07-09 22:54:13,480 - WARNING - Donnée corrompue détectée en BDD : 'data'
2026-07-09 22:54:13,480 - WARNING - Donnée corrompue détectée en BDD : 'data'
2026-07-09 22:54:13,480 - WARNING - Donnée corrompue détectée en BDD : 'data'
2026-07-09 22:54:13,480 - WARNING - Donnée corrompue détectée en BDD : 'data'
2026-07-09 22:54:14,431 - WARNING - Donnée corrompue détectée en BDD : 'data'
2026-07-09 22:54:14,431 - WARNING - Donnée corrompue détectée en BDD : 'data'
2026-07-09 22:54:14,432 - WARNING - Donnée corrompue détectée en BDD : 'data'
2026-07-09 22:54:14,432 - WARNING - Donnée corrompue détectée en BDD : 'data'
2026-07-09 22:54:14,432 - WARNING - Donnée corrompue détectée en BDD : 'data'
2026-07-09 22:54:14,432 - WARNING - Donnée corrompue détectée en BDD : 'data'
2026-07-09 22:54:14,432 - WARNING - Donnée corrompue détectée en BDD : 'data'
2026-07-09 22:54:14,432 - WARNING - Donnée corrompue détectée en BDD : 'data'
2026-07-09 22:54:14,432 - WARNING - Donnée corrompue détectée en BDD : 'data'
2026-07-09 22:54:14,432 - WARNING - Donnée corrompue détectée en BDD : 'data'
2026-07-09 22:54:14,432 - WARNING - Donnée corrompue détectée en BDD : 'data'
2026-07-09 22:54:14,432 - WARNING - Donnée corrompue détectée en BDD : 'data'
2026-07-09 22:54:14,432 - WARNING - Donnée corrompue détectée en BDD : 'data'
2026-07-09 22:54:14,432 - WARNING - Donnée corrompue détectée en BDD : 'data'
2026-07-09 22:54:14,433 - WARNING - Donnée corrompue détectée en BDD : 'data'
2026-07-09 22:54:14,433 - WARNING - Donnée corrompue détectée en BDD : 'data'
2026-07-09 22:54:14,433 - WARNING - Donnée corrompue détectée en BDD : 'data'
2026-07-09 22:54:14,433 - WARNING - Donnée corrompue détectée en BDD : 'data'
2026-07-09 22:54:14,433 - WARNING - Donnée corrompue détectée en BDD : 'data'
2026-07-09 22:54:14,433 - WARNING - Donnée corrompue détectée en BDD : 'data'
2026-07-09 22:54:14,433 - WARNING - Donnée corrompue détectée en BDD : 'data'
2026-07-09 22:54:14,433 - WARNING - Donnée corrompue détectée en BDD : 'data'
